-5.212824194008094381e-01
1.332332965951256387e+00
-8.096018455614539810e-01
-4.552937435700541435e-01
1.746430045240929818e+00
-1.137107633739828039e+00
1.626293070062092561e+00
3.720698602330454463e-01
1.582802281333833605e+00
1.416480211362206809e+00
-5.879540616314620216e-01
-4.401469494088976475e-01
1.872757936478164353e+00
1.749537386163929842e+00
-8.459761607091698110e-01
-1.897628262925642240e+00
1.414536833608560862e+00
-5.432559007562529629e-01
-1.271185759781062075e+00
2.695253241962607405e-01
-1.652335061794630189e+00
1.176243724281883729e+00
-8.232849119906013868e-01
1.424656715464243995e+00
-1.237849740051047309e+00
6.640274741566747352e-01
-1.146184297435913546e+00
1.863304647532686875e+00
-3.211449366279737205e-01
-1.400166127828188944e+00
-1.625956210969912608e+00
5.327464405129833658e-01
-1.603111311280103202e-01
1.251300709795627686e+00
1.777343198580209727e+00
-3.637772147617126528e-01
-1.841379121292010979e+00
-1.735499943200480288e-02
-1.702403682137206165e+00
1.443491419890672312e+00
-7.089007642192917125e-01
-4.751012140479988766e-01
-2.938873415858624938e-01
1.710148389086012521e+00
3.230462029318368344e-01
-7.580127624944084097e-01
3.729084652464527139e-01
-7.910153616398889476e-01
1.099405319176338658e+00
6.269597335493553025e-01
-1.413762567907072665e+00
9.460627635415397307e-02
4.382877872626229632e-01
-6.263710296972893055e-01
-1.229919170633468450e+00
1.901940021847958739e-01
9.515888960003437980e-01
-1.093852436007571871e+00
-4.115445557878834038e-01
-3.068327276687772276e-01
1.457969336440154695e+00
-1.137186724325057074e+00
-1.847220774497843720e+00
3.700336466432969651e-01
-3.880357081211256443e-01
9.110155539125295299e-01
6.046904069949805560e-01
-1.331698870390812584e+00
1.906783135143408803e+00
5.799033858451854151e-01
-8.516184166702300828e-01
-7.462243671644466225e-01
-1.946477026143349498e-01
-1.359281966256489227e-01
1.739607364373290554e+00
-6.189239847903116321e-01
-2.996054650583195311e-01
-1.896951628974547166e+00
-3.921687847594528264e-01
8.902772684291835326e-01
-1.058548842188654415e+00
-1.448231558381118056e+00
-6.480913720332708294e-01
1.888817890421690571e+00
1.471592189535182449e+00
1.814577981565328457e-01
-7.966760334540490263e-01
3.341009204350369188e-01
-1.318026978944280891e+00
-3.522806144893326774e-01
